This is pdfTeX, Version 3.141592653-2.6-1.40.28 (TeX Live 2025) (preloaded format=pdflatex 2025.10.15)  19 NOV 2025 09:03
entering extended mode
 restricted \write18 enabled.
 %&-line parsing enabled.
**genome-polarisation.tex
(./genome-polarisation.tex
LaTeX2e <2025-06-01> patch level 1
L3 programming layer <2025-09-02>
(/Users/martinkova/Library/TinyTeX/texmf-dist/tex/latex/base/book.cls
Document Class: book 2025/01/22 v1.4n Standard LaTeX document class
(/Users/martinkova/Library/TinyTeX/texmf-dist/tex/latex/base/bk10.clo
File: bk10.clo 2025/01/22 v1.4n Standard LaTeX file (size option)
)
\c@part=\count275
\c@chapter=\count276
\c@section=\count277
\c@subsection=\count278
\c@subsubsection=\count279
\c@paragraph=\count280
\c@subparagraph=\count281
\c@figure=\count282
\c@table=\count283
\abovecaptionskip=\skip49
\belowcaptionskip=\skip50
\bibindent=\dimen148
) (/Users/martinkova/Library/TinyTeX/texmf-dist/tex/latex/amsmath/amsmath.sty
Package: amsmath 2025/06/16 v2.17y AMS math features
\@mathmargin=\skip51
For additional information on amsmath, use the `?' option.
(/Users/martinkova/Library/TinyTeX/texmf-dist/tex/latex/amsmath/amstext.sty
Package: amstext 2024/11/17 v2.01 AMS text
(/Users/martinkova/Library/TinyTeX/texmf-dist/tex/latex/amsmath/amsgen.sty
File: amsgen.sty 1999/11/30 v2.0 generic functions
\@emptytoks=\toks17
\ex@=\dimen149
)) (/Users/martinkova/Library/TinyTeX/texmf-dist/tex/latex/amsmath/amsbsy.sty
Package: amsbsy 1999/11/29 v1.2d Bold Symbols
\pmbraise@=\dimen150
) (/Users/martinkova/Library/TinyTeX/texmf-dist/tex/latex/amsmath/amsopn.sty
Package: amsopn 2022/04/08 v2.04 operator names
)
\inf@bad=\count284
LaTeX Info: Redefining \frac on input line 233.
\uproot@=\count285
\leftroot@=\count286
LaTeX Info: Redefining \overline on input line 398.
LaTeX Info: Redefining \colon on input line 409.
\classnum@=\count287
\DOTSCASE@=\count288
LaTeX Info: Redefining \ldots on input line 495.
LaTeX Info: Redefining \dots on input line 498.
LaTeX Info: Redefining \cdots on input line 619.
\Mathstrutbox@=\box53
\strutbox@=\box54
LaTeX Info: Redefining \big on input line 721.
LaTeX Info: Redefining \Big on input line 722.
LaTeX Info: Redefining \bigg on input line 723.
LaTeX Info: Redefining \Bigg on input line 724.
\big@size=\dimen151
LaTeX Font Info:    Redeclaring font encoding OML on input line 742.
LaTeX Font Info:    Redeclaring font encoding OMS on input line 743.
\macc@depth=\count289
LaTeX Info: Redefining \bmod on input line 904.
LaTeX Info: Redefining \pmod on input line 909.
LaTeX Info: Redefining \smash on input line 939.
LaTeX Info: Redefining \relbar on input line 969.
LaTeX Info: Redefining \Relbar on input line 970.
\c@MaxMatrixCols=\count290
\dotsspace@=\muskip17
\c@parentequation=\count291
\dspbrk@lvl=\count292
\tag@help=\toks18
\row@=\count293
\column@=\count294
\maxfields@=\count295
\andhelp@=\toks19
\eqnshift@=\dimen152
\alignsep@=\dimen153
\tagshift@=\dimen154
\tagwidth@=\dimen155
\totwidth@=\dimen156
\lineht@=\dimen157
\@envbody=\toks20
\multlinegap=\skip52
\multlinetaggap=\skip53
\mathdisplay@stack=\toks21
LaTeX Info: Redefining \[ on input line 2949.
LaTeX Info: Redefining \] on input line 2950.
) (/Users/martinkova/Library/TinyTeX/texmf-dist/tex/latex/amsfonts/amssymb.sty
Package: amssymb 2013/01/14 v3.01 AMS font symbols
(/Users/martinkova/Library/TinyTeX/texmf-dist/tex/latex/amsfonts/amsfonts.sty
Package: amsfonts 2013/01/14 v3.01 Basic AMSFonts support
\symAMSa=\mathgroup4
\symAMSb=\mathgroup5
LaTeX Font Info:    Redeclaring math symbol \hbar on input line 98.
LaTeX Font Info:    Overwriting math alphabet `\mathfrak' in version `bold'
(Font)                  U/euf/m/n --> U/euf/b/n on input line 106.
)) (/Users/martinkova/Library/TinyTeX/texmf-dist/tex/generic/iftex/iftex.sty
Package: iftex 2024/12/12 v1.0g TeX engine tests
) (/Users/martinkova/Library/TinyTeX/texmf-dist/tex/latex/base/fontenc.sty
Package: fontenc 2024/12/21 v2.1c Standard LaTeX package
) (/Users/martinkova/Library/TinyTeX/texmf-dist/tex/latex/base/inputenc.sty
Package: inputenc 2024/02/08 v1.3d Input encoding file
\inpenc@prehook=\toks22
\inpenc@posthook=\toks23
) (/Users/martinkova/Library/TinyTeX/texmf-dist/tex/latex/base/textcomp.sty
Package: textcomp 2024/04/24 v2.1b Standard LaTeX package
) (/Users/martinkova/Library/TinyTeX/texmf-dist/tex/latex/lm/lmodern.sty
Package: lmodern 2015/05/01 v1.6.1 Latin Modern Fonts
LaTeX Font Info:    Overwriting symbol font `operators' in version `normal'
(Font)                  OT1/cmr/m/n --> OT1/lmr/m/n on input line 22.
LaTeX Font Info:    Overwriting symbol font `letters' in version `normal'
(Font)                  OML/cmm/m/it --> OML/lmm/m/it on input line 23.
LaTeX Font Info:    Overwriting symbol font `symbols' in version `normal'
(Font)                  OMS/cmsy/m/n --> OMS/lmsy/m/n on input line 24.
LaTeX Font Info:    Overwriting symbol font `largesymbols' in version `normal'
(Font)                  OMX/cmex/m/n --> OMX/lmex/m/n on input line 25.
LaTeX Font Info:    Overwriting symbol font `operators' in version `bold'
(Font)                  OT1/cmr/bx/n --> OT1/lmr/bx/n on input line 26.
LaTeX Font Info:    Overwriting symbol font `letters' in version `bold'
(Font)                  OML/cmm/b/it --> OML/lmm/b/it on input line 27.
LaTeX Font Info:    Overwriting symbol font `symbols' in version `bold'
(Font)                  OMS/cmsy/b/n --> OMS/lmsy/b/n on input line 28.
LaTeX Font Info:    Overwriting symbol font `largesymbols' in version `bold'
(Font)                  OMX/cmex/m/n --> OMX/lmex/m/n on input line 29.
LaTeX Font Info:    Overwriting math alphabet `\mathbf' in version `normal'
(Font)                  OT1/cmr/bx/n --> OT1/lmr/bx/n on input line 31.
LaTeX Font Info:    Overwriting math alphabet `\mathsf' in version `normal'
(Font)                  OT1/cmss/m/n --> OT1/lmss/m/n on input line 32.
LaTeX Font Info:    Overwriting math alphabet `\mathit' in version `normal'
(Font)                  OT1/cmr/m/it --> OT1/lmr/m/it on input line 33.
LaTeX Font Info:    Overwriting math alphabet `\mathtt' in version `normal'
(Font)                  OT1/cmtt/m/n --> OT1/lmtt/m/n on input line 34.
LaTeX Font Info:    Overwriting math alphabet `\mathbf' in version `bold'
(Font)                  OT1/cmr/bx/n --> OT1/lmr/bx/n on input line 35.
LaTeX Font Info:    Overwriting math alphabet `\mathsf' in version `bold'
(Font)                  OT1/cmss/bx/n --> OT1/lmss/bx/n on input line 36.
LaTeX Font Info:    Overwriting math alphabet `\mathit' in version `bold'
(Font)                  OT1/cmr/bx/it --> OT1/lmr/bx/it on input line 37.
LaTeX Font Info:    Overwriting math alphabet `\mathtt' in version `bold'
(Font)                  OT1/cmtt/m/n --> OT1/lmtt/m/n on input line 38.
) (/Users/martinkova/Library/TinyTeX/texmf-dist/tex/latex/xcolor/xcolor.sty
Package: xcolor 2024/09/29 v3.02 LaTeX color extensions (UK)
(/Users/martinkova/Library/TinyTeX/texmf-dist/tex/latex/graphics-cfg/color.cfg
File: color.cfg 2016/01/02 v1.6 sample color configuration
)
Package xcolor Info: Driver file: pdftex.def on input line 274.
(/Users/martinkova/Library/TinyTeX/texmf-dist/tex/latex/graphics-def/pdftex.def
File: pdftex.def 2025/09/29 v1.2d Graphics/color driver for pdftex
) (/Users/martinkova/Library/TinyTeX/texmf-dist/tex/latex/graphics/mathcolor.ltx)
Package xcolor Info: Model `cmy' substituted by `cmy0' on input line 1349.
Package xcolor Info: Model `hsb' substituted by `rgb' on input line 1353.
Package xcolor Info: Model `RGB' extended on input line 1365.
Package xcolor Info: Model `HTML' substituted by `rgb' on input line 1367.
Package xcolor Info: Model `Hsb' substituted by `hsb' on input line 1368.
Package xcolor Info: Model `tHsb' substituted by `hsb' on input line 1369.
Package xcolor Info: Model `HSB' substituted by `hsb' on input line 1370.
Package xcolor Info: Model `Gray' substituted by `gray' on input line 1371.
Package xcolor Info: Model `wave' substituted by `hsb' on input line 1372.
) (/Users/martinkova/Library/TinyTeX/texmf-dist/tex/latex/fancyvrb/fancyvrb.sty
Package: fancyvrb 2025/07/28 4.6 verbatim text (tvz,hv)
(/Users/martinkova/Library/TinyTeX/texmf-dist/tex/latex/graphics/keyval.sty
Package: keyval 2022/05/29 v1.15 key=value parser (DPC)
\KV@toks@=\toks24
)
\FV@CodeLineNo=\count296
\FV@InFile=\read2
\FV@TabBox=\box55
\c@FancyVerbLine=\count297
\FV@StepNumber=\count298
\FV@OutFile=\write3
) (/Users/martinkova/Library/TinyTeX/texmf-dist/tex/latex/framed/framed.sty
Package: framed 2011/10/22 v 0.96: framed or shaded text with page breaks
\OuterFrameSep=\skip54
\fb@frw=\dimen158
\fb@frh=\dimen159
\FrameRule=\dimen160
\FrameSep=\dimen161
) (/Users/martinkova/Library/TinyTeX/texmf-dist/tex/latex/tools/longtable.sty
Package: longtable 2024-12-18 v4.23 Multi-page Table package (DPC)
\LTleft=\skip55
\LTright=\skip56
\LTpre=\skip57
\LTpost=\skip58
\LTchunksize=\count299
\LTcapwidth=\dimen162
\LT@head=\box56
\LT@firsthead=\box57
\LT@foot=\box58
\LT@lastfoot=\box59
\LT@gbox=\box60
\LT@cols=\count300
\LT@rows=\count301
\c@LT@tables=\count302
\c@LT@chunks=\count303
\LT@p@ftn=\toks25
) (/Users/martinkova/Library/TinyTeX/texmf-dist/tex/latex/booktabs/booktabs.sty
Package: booktabs 2020/01/12 v1.61803398 Publication quality tables
\heavyrulewidth=\dimen163
\lightrulewidth=\dimen164
\cmidrulewidth=\dimen165
\belowrulesep=\dimen166
\belowbottomsep=\dimen167
\aboverulesep=\dimen168
\abovetopsep=\dimen169
\cmidrulesep=\dimen170
\cmidrulekern=\dimen171
\defaultaddspace=\dimen172
\@cmidla=\count304
\@cmidlb=\count305
\@aboverulesep=\dimen173
\@belowrulesep=\dimen174
\@thisruleclass=\count306
\@lastruleclass=\count307
\@thisrulewidth=\dimen175
) (/Users/martinkova/Library/TinyTeX/texmf-dist/tex/latex/tools/array.sty
Package: array 2025/06/08 v2.6j Tabular extension package (FMi)
\col@sep=\dimen176
\ar@mcellbox=\box61
\extrarowheight=\dimen177
\NC@list=\toks26
\extratabsurround=\skip59
\backup@length=\skip60
\ar@cellbox=\box62
) (/Users/martinkova/Library/TinyTeX/texmf-dist/tex/latex/tools/calc.sty
Package: calc 2025/03/01 v4.3b Infix arithmetic (KKT,FJ)
\calc@Acount=\count308
\calc@Bcount=\count309
\calc@Adimen=\dimen178
\calc@Bdimen=\dimen179
\calc@Askip=\skip61
\calc@Bskip=\skip62
LaTeX Info: Redefining \setlength on input line 86.
LaTeX Info: Redefining \addtolength on input line 87.
\calc@Ccount=\count310
\calc@Cskip=\skip63
) (/Users/martinkova/Library/TinyTeX/texmf-dist/tex/latex/etoolbox/etoolbox.sty
Package: etoolbox 2025/10/02 v2.5m e-TeX tools for LaTeX (JAW)
\etb@tempcnta=\count311
) (/Users/martinkova/Library/TinyTeX/texmf-dist/tex/latex/mdwtools/footnote.sty
Package: footnote 1997/01/28 1.13 Save footnotes around boxes
\fn@notes=\box63
\fn@width=\dimen180
) (/Users/martinkova/Library/TinyTeX/texmf-dist/tex/latex/graphics/graphicx.sty
Package: graphicx 2024/12/31 v1.2e Enhanced LaTeX Graphics (DPC,SPQR)
(/Users/martinkova/Library/TinyTeX/texmf-dist/tex/latex/graphics/graphics.sty
Package: graphics 2024/08/06 v1.4g Standard LaTeX Graphics (DPC,SPQR)
(/Users/martinkova/Library/TinyTeX/texmf-dist/tex/latex/graphics/trig.sty
Package: trig 2023/12/02 v1.11 sin cos tan (DPC)
) (/Users/martinkova/Library/TinyTeX/texmf-dist/tex/latex/graphics-cfg/graphics.cfg
File: graphics.cfg 2016/06/04 v1.11 sample graphics configuration
)
Package graphics Info: Driver file: pdftex.def on input line 106.
)
\Gin@req@height=\dimen181
\Gin@req@width=\dimen182
) (/Users/martinkova/Library/TinyTeX/texmf-dist/tex/latex/natbib/natbib.sty
Package: natbib 2010/09/13 8.31b (PWD, AO)
\bibhang=\skip64
\bibsep=\skip65
LaTeX Info: Redefining \cite on input line 694.
\c@NAT@ctr=\count312
) (/Users/martinkova/Library/TinyTeX/texmf-dist/tex/latex/bookmark/bookmark.sty
Package: bookmark 2023-12-10 v1.31 PDF bookmarks (HO)
(/Users/martinkova/Library/TinyTeX/texmf-dist/tex/latex/hyperref/hyperref.sty
Package: hyperref 2025-07-12 v7.01o Hypertext links for LaTeX
(/Users/martinkova/Library/TinyTeX/texmf-dist/tex/latex/kvsetkeys/kvsetkeys.sty
Package: kvsetkeys 2022-10-05 v1.19 Key value parser (HO)
) (/Users/martinkova/Library/TinyTeX/texmf-dist/tex/generic/kvdefinekeys/kvdefinekeys.sty
Package: kvdefinekeys 2019-12-19 v1.6 Define keys (HO)
) (/Users/martinkova/Library/TinyTeX/texmf-dist/tex/generic/pdfescape/pdfescape.sty
Package: pdfescape 2019/12/09 v1.15 Implements pdfTeX's escape features (HO)
(/Users/martinkova/Library/TinyTeX/texmf-dist/tex/generic/ltxcmds/ltxcmds.sty
Package: ltxcmds 2023-12-04 v1.26 LaTeX kernel commands for general use (HO)
) (/Users/martinkova/Library/TinyTeX/texmf-dist/tex/generic/pdftexcmds/pdftexcmds.sty
Package: pdftexcmds 2020-06-27 v0.33 Utility functions of pdfTeX for LuaTeX (HO)
(/Users/martinkova/Library/TinyTeX/texmf-dist/tex/generic/infwarerr/infwarerr.sty
Package: infwarerr 2019/12/03 v1.5 Providing info/warning/error messages (HO)
)
Package pdftexcmds Info: \pdf@primitive is available.
Package pdftexcmds Info: \pdf@ifprimitive is available.
Package pdftexcmds Info: \pdfdraftmode found.
)) (/Users/martinkova/Library/TinyTeX/texmf-dist/tex/latex/hycolor/hycolor.sty
Package: hycolor 2020-01-27 v1.10 Color options for hyperref/bookmark (HO)
) (/Users/martinkova/Library/TinyTeX/texmf-dist/tex/latex/hyperref/nameref.sty
Package: nameref 2025-06-21 v2.57 Cross-referencing by name of section
(/Users/martinkova/Library/TinyTeX/texmf-dist/tex/latex/refcount/refcount.sty
Package: refcount 2019/12/15 v3.6 Data extraction from label references (HO)
) (/Users/martinkova/Library/TinyTeX/texmf-dist/tex/generic/gettitlestring/gettitlestring.sty
Package: gettitlestring 2019/12/15 v1.6 Cleanup title references (HO)
(/Users/martinkova/Library/TinyTeX/texmf-dist/tex/latex/kvoptions/kvoptions.sty
Package: kvoptions 2022-06-15 v3.15 Key value format for package options (HO)
))
\c@section@level=\count313
) (/Users/martinkova/Library/TinyTeX/texmf-dist/tex/generic/stringenc/stringenc.sty
Package: stringenc 2019/11/29 v1.12 Convert strings between diff. encodings (HO)
)
\@linkdim=\dimen183
\Hy@linkcounter=\count314
\Hy@pagecounter=\count315
(/Users/martinkova/Library/TinyTeX/texmf-dist/tex/latex/hyperref/pd1enc.def
File: pd1enc.def 2025-07-12 v7.01o Hyperref: PDFDocEncoding definition (HO)
Now handling font encoding PD1 ...
... no UTF-8 mapping file for font encoding PD1
) (/Users/martinkova/Library/TinyTeX/texmf-dist/tex/generic/intcalc/intcalc.sty
Package: intcalc 2019/12/15 v1.3 Expandable calculations with integers (HO)
)
\Hy@SavedSpaceFactor=\count316
(/Users/martinkova/Library/TinyTeX/texmf-dist/tex/latex/hyperref/puenc.def
File: puenc.def 2025-07-12 v7.01o Hyperref: PDF Unicode definition (HO)
Now handling font encoding PU ...
... no UTF-8 mapping file for font encoding PU
)
Package hyperref Info: Option `unicode' set `true' on input line 4066.
Package hyperref Info: Hyper figures OFF on input line 4195.
Package hyperref Info: Link nesting OFF on input line 4200.
Package hyperref Info: Hyper index ON on input line 4203.
Package hyperref Info: Plain pages OFF on input line 4210.
Package hyperref Info: Backreferencing OFF on input line 4215.
Package hyperref Info: Implicit mode ON; LaTeX internals redefined.
Package hyperref Info: Bookmarks ON on input line 4462.
\c@Hy@tempcnt=\count317
(/Users/martinkova/Library/TinyTeX/texmf-dist/tex/latex/url/url.sty
\Urlmuskip=\muskip18
Package: url 2013/09/16  ver 3.4  Verb mode for urls, etc.
)
LaTeX Info: Redefining \url on input line 4801.
\XeTeXLinkMargin=\dimen184
(/Users/martinkova/Library/TinyTeX/texmf-dist/tex/generic/bitset/bitset.sty
Package: bitset 2019/12/09 v1.3 Handle bit-vector datatype (HO)
(/Users/martinkova/Library/TinyTeX/texmf-dist/tex/generic/bigintcalc/bigintcalc.sty
Package: bigintcalc 2019/12/15 v1.5 Expandable calculations on big integers (HO)
))
\Fld@menulength=\count318
\Field@Width=\dimen185
\Fld@charsize=\dimen186
Package hyperref Info: Hyper figures OFF on input line 6078.
Package hyperref Info: Link nesting OFF on input line 6083.
Package hyperref Info: Hyper index ON on input line 6086.
Package hyperref Info: backreferencing OFF on input line 6093.
Package hyperref Info: Link coloring OFF on input line 6098.
Package hyperref Info: Link coloring with OCG OFF on input line 6103.
Package hyperref Info: PDF/A mode OFF on input line 6108.
\Hy@abspage=\count319
\c@Item=\count320
\c@Hfootnote=\count321
)
Package hyperref Info: Driver (autodetected): hpdftex.
(/Users/martinkova/Library/TinyTeX/texmf-dist/tex/latex/hyperref/hpdftex.def
File: hpdftex.def 2025-07-12 v7.01o Hyperref driver for pdfTeX
\Fld@listcount=\count322
\c@bookmark@seq@number=\count323
(/Users/martinkova/Library/TinyTeX/texmf-dist/tex/latex/rerunfilecheck/rerunfilecheck.sty
Package: rerunfilecheck 2025-06-21 v1.11 Rerun checks for auxiliary files (HO)
(/Users/martinkova/Library/TinyTeX/texmf-dist/tex/generic/uniquecounter/uniquecounter.sty
Package: uniquecounter 2019/12/15 v1.4 Provide unlimited unique counter (HO)
)
Package uniquecounter Info: New unique counter `rerunfilecheck' on input line 284.
)
\Hy@SectionHShift=\skip66
) (/Users/martinkova/Library/TinyTeX/texmf-dist/tex/latex/bookmark/bkm-pdftex.def
File: bkm-pdftex.def 2023-12-10 v1.31 bookmark driver for pdfTeX and luaTeX (HO)
\BKM@id=\count324
))
LaTeX Font Info:    Trying to load font information for T1+lmr on input line 124.
(/Users/martinkova/Library/TinyTeX/texmf-dist/tex/latex/lm/t1lmr.fd
File: t1lmr.fd 2015/05/01 v1.6.1 Font defs for Latin Modern
) (/Users/martinkova/Library/TinyTeX/texmf-dist/tex/latex/l3backend/l3backend-pdftex.def
File: l3backend-pdftex.def 2025-06-09 L3 backend support: PDF output (pdfTeX)
\l__color_backend_stack_int=\count325
) (./genome-polarisation.aux)
\openout1 = `genome-polarisation.aux'.

LaTeX Font Info:    Checking defaults for OML/cmm/m/it on input line 124.
LaTeX Font Info:    ... okay on input line 124.
LaTeX Font Info:    Checking defaults for OMS/cmsy/m/n on input line 124.
LaTeX Font Info:    ... okay on input line 124.
LaTeX Font Info:    Checking defaults for OT1/cmr/m/n on input line 124.
LaTeX Font Info:    ... okay on input line 124.
LaTeX Font Info:    Checking defaults for T1/cmr/m/n on input line 124.
LaTeX Font Info:    ... okay on input line 124.
LaTeX Font Info:    Checking defaults for TS1/cmr/m/n on input line 124.
LaTeX Font Info:    ... okay on input line 124.
LaTeX Font Info:    Checking defaults for OMX/cmex/m/n on input line 124.
LaTeX Font Info:    ... okay on input line 124.
LaTeX Font Info:    Checking defaults for U/cmr/m/n on input line 124.
LaTeX Font Info:    ... okay on input line 124.
LaTeX Font Info:    Checking defaults for PD1/pdf/m/n on input line 124.
LaTeX Font Info:    ... okay on input line 124.
LaTeX Font Info:    Checking defaults for PU/pdf/m/n on input line 124.
LaTeX Font Info:    ... okay on input line 124.
(/Users/martinkova/Library/TinyTeX/texmf-dist/tex/latex/epstopdf-pkg/epstopdf-base.sty
Package: epstopdf-base 2020-01-24 v2.11 Base part for package epstopdf
Package epstopdf-base Info: Redefining graphics rule for `.eps' on input line 485.
(/Users/martinkova/Library/TinyTeX/texmf-dist/tex/latex/latexconfig/epstopdf-sys.cfg
File: epstopdf-sys.cfg 2010/07/13 v1.3 Configuration of (r)epstopdf for TeX Live
))
Package hyperref Info: Link coloring OFF on input line 124.
LaTeX Font Info:    Trying to load font information for OT1+lmr on input line 126.
(/Users/martinkova/Library/TinyTeX/texmf-dist/tex/latex/lm/ot1lmr.fd
File: ot1lmr.fd 2015/05/01 v1.6.1 Font defs for Latin Modern
)
LaTeX Font Info:    Trying to load font information for OML+lmm on input line 126.
(/Users/martinkova/Library/TinyTeX/texmf-dist/tex/latex/lm/omllmm.fd
File: omllmm.fd 2015/05/01 v1.6.1 Font defs for Latin Modern
)
LaTeX Font Info:    Trying to load font information for OMS+lmsy on input line 126.
(/Users/martinkova/Library/TinyTeX/texmf-dist/tex/latex/lm/omslmsy.fd
File: omslmsy.fd 2015/05/01 v1.6.1 Font defs for Latin Modern
)
LaTeX Font Info:    Trying to load font information for OMX+lmex on input line 126.
(/Users/martinkova/Library/TinyTeX/texmf-dist/tex/latex/lm/omxlmex.fd
File: omxlmex.fd 2015/05/01 v1.6.1 Font defs for Latin Modern
)
LaTeX Font Info:    External font `lmex10' loaded for size
(Font)              <12> on input line 126.
LaTeX Font Info:    External font `lmex10' loaded for size
(Font)              <8> on input line 126.
LaTeX Font Info:    External font `lmex10' loaded for size
(Font)              <6> on input line 126.
LaTeX Font Info:    Trying to load font information for U+msa on input line 126.
(/Users/martinkova/Library/TinyTeX/texmf-dist/tex/latex/amsfonts/umsa.fd
File: umsa.fd 2013/01/14 v3.01 AMS symbols A
)
LaTeX Font Info:    Trying to load font information for U+msb on input line 126.
(/Users/martinkova/Library/TinyTeX/texmf-dist/tex/latex/amsfonts/umsb.fd
File: umsb.fd 2013/01/14 v3.01 AMS symbols B
)

[1


{/Users/martinkova/Library/TinyTeX/texmf-var/fonts/map/pdftex/updmap/pdftex.map}{/Users/martinkova/Library/TinyTeX/texmf-dist/fonts/enc/dvips/lm/lm-ec.enc}]

[2

] (./genome-polarisation.toc
LaTeX Font Info:    External font `lmex10' loaded for size
(Font)              <10> on input line 2.
LaTeX Font Info:    External font `lmex10' loaded for size
(Font)              <7> on input line 2.
LaTeX Font Info:    External font `lmex10' loaded for size
(Font)              <5> on input line 2.


[3])
\tf@toc=\write4
\openout4 = `genome-polarisation.toc'.



[4]
Chapter 1.
LaTeX Font Info:    Trying to load font information for T1+lmtt on input line 139.
(/Users/martinkova/Library/TinyTeX/texmf-dist/tex/latex/lm/t1lmtt.fd
File: t1lmtt.fd 2015/05/01 v1.6.1 Font defs for Latin Modern
)

[5

]

[6]
Chapter 2.
LaTeX Font Info:    Font shape `T1/lmtt/bx/n' in size <10> not available
(Font)              Font shape `T1/lmtt/b/n' tried instead on input line 164.


[7

]

[8{/Users/martinkova/Library/TinyTeX/texmf-dist/fonts/enc/dvips/lm/lm-rm.enc}{/Users/martinkova/Library/TinyTeX/texmf-dist/fonts/enc/dvips/lm/lm-mathsy.enc}]
<01-diemr-diagnostic-index-expecation-maximisation-in-r_files/figure-latex/unnamed-chunk-5-1.pdf, id=103, 433.62pt x 325.215pt>
File: 01-diemr-diagnostic-index-expecation-maximisation-in-r_files/figure-latex/unnamed-chunk-5-1.pdf Graphic file (type pdf)
<use 01-diemr-diagnostic-index-expecation-maximisation-in-r_files/figure-latex/unnamed-chunk-5-1.pdf>
Package pdftex.def Info: 01-diemr-diagnostic-index-expecation-maximisation-in-r_files/figure-latex/unnamed-chunk-5-1.pdf  used on input line 253.
(pdftex.def)             Requested size: 345.01738pt x 258.76303pt.


[9 <./01-diemr-diagnostic-index-expecation-maximisation-in-r_files/figure-latex/unnamed-chunk-5-1.pdf>]

[10

]
Chapter 3.


[11]

[12]
<01-diemr-diagnostic-index-expecation-maximisation-in-r_files/figure-latex/unnamed-chunk-9-1.pdf, id=127, 433.62pt x 325.215pt>
File: 01-diemr-diagnostic-index-expecation-maximisation-in-r_files/figure-latex/unnamed-chunk-9-1.pdf Graphic file (type pdf)
<use 01-diemr-diagnostic-index-expecation-maximisation-in-r_files/figure-latex/unnamed-chunk-9-1.pdf>
Package pdftex.def Info: 01-diemr-diagnostic-index-expecation-maximisation-in-r_files/figure-latex/unnamed-chunk-9-1.pdf  used on input line 347.
(pdftex.def)             Requested size: 345.01738pt x 258.76303pt.


[13 <./01-diemr-diagnostic-index-expecation-maximisation-in-r_files/figure-latex/unnamed-chunk-9-1.pdf>]

[14

]
Chapter 4.
LaTeX Font Info:    Trying to load font information for TS1+lmr on input line 372.
(/Users/martinkova/Library/TinyTeX/texmf-dist/tex/latex/lm/ts1lmr.fd
File: ts1lmr.fd 2015/05/01 v1.6.1 Font defs for Latin Modern
)

[15]

[16{/Users/martinkova/Library/TinyTeX/texmf-dist/fonts/enc/dvips/lm/lm-ts1.enc}]

[17{/Users/martinkova/Library/TinyTeX/texmf-dist/fonts/enc/dvips/lm/lm-mathit.enc}]

[18]

[19]

[20]
Chapter 5.


[21

]


Overfull \hbox (27.26237pt too wide) has occurred while \output is active
\T1/lmr/m/n/10 22 \T1/lmr/m/sl/10 CHAPTER 5.  UNDERSTANDING GENOME POLARISATION OUTPUT FILES
 []

[22]
<figs/diemOutput.png, id=227, 2168.1pt x 1656.1875pt>
File: figs/diemOutput.png Graphic file (type png)
<use figs/diemOutput.png>
Package pdftex.def Info: figs/diemOutput.png  used on input line 608.
(pdftex.def)             Requested size: 344.9843pt x 263.52968pt.


[23]


Overfull \hbox (27.26237pt too wide) has occurred while \output is active
\T1/lmr/m/n/10 24 \T1/lmr/m/sl/10 CHAPTER 5.  UNDERSTANDING GENOME POLARISATION OUTPUT FILES
 []

[24 <./figs/diemOutput.png>]

[25]


Overfull \hbox (27.26237pt too wide) has occurred while \output is active
\T1/lmr/m/n/10 26 \T1/lmr/m/sl/10 CHAPTER 5.  UNDERSTANDING GENOME POLARISATION OUTPUT FILES
 []

[26]

[27]


Overfull \hbox (27.26237pt too wide) has occurred while \output is active
\T1/lmr/m/n/10 28 \T1/lmr/m/sl/10 CHAPTER 5.  UNDERSTANDING GENOME POLARISATION OUTPUT FILES
 []

[28

]
Chapter 6.

Underfull \hbox (badness 1286) in paragraph at lines 695--697
\T1/lmr/m/n/10 po-larised geno-types, in-clud-ing \T1/lmtt/m/n/10 plotPolarized \T1/lmr/m/n/10 for genome-wide pat-terns,
 []



[29]
<04-Visualisation_files/figure-latex/unnamed-chunk-3-1.pdf, id=292, 469.755pt x 325.215pt>
File: 04-Visualisation_files/figure-latex/unnamed-chunk-3-1.pdf Graphic file (type pdf)
<use 04-Visualisation_files/figure-latex/unnamed-chunk-3-1.pdf>
Package pdftex.def Info: 04-Visualisation_files/figure-latex/unnamed-chunk-3-1.pdf  used on input line 730.
(pdftex.def)             Requested size: 344.997pt x 238.84406pt.


[30 <./04-Visualisation_files/figure-latex/unnamed-chunk-3-1.pdf>]
<figs/myo-rectangle.png, id=306, 1806.75pt x 1355.0625pt>
File: figs/myo-rectangle.png Graphic file (type png)
<use figs/myo-rectangle.png>
Package pdftex.def Info: figs/myo-rectangle.png  used on input line 772.
(pdftex.def)             Requested size: 344.99533pt x 258.74649pt.

Underfull \vbox (badness 10000) has occurred while \output is active []



[31]

[32 <./figs/myo-rectangle.png>]
<figs/myo-rectangle2.png, id=318, 1806.75pt x 1355.0625pt>
File: figs/myo-rectangle2.png Graphic file (type png)
<use figs/myo-rectangle2.png>
Package pdftex.def Info: figs/myo-rectangle2.png  used on input line 826.
(pdftex.def)             Requested size: 344.99533pt x 258.74649pt.

Underfull \vbox (badness 10000) has occurred while \output is active []



[33]
<04-Visualisation_files/figure-latex/unnamed-chunk-10-1.pdf, id=323, 469.755pt x 325.215pt>
File: 04-Visualisation_files/figure-latex/unnamed-chunk-10-1.pdf Graphic file (type pdf)
<use 04-Visualisation_files/figure-latex/unnamed-chunk-10-1.pdf>
Package pdftex.def Info: 04-Visualisation_files/figure-latex/unnamed-chunk-10-1.pdf  used on input line 842.
(pdftex.def)             Requested size: 344.997pt x 238.84406pt.

Underfull \vbox (badness 10000) has occurred while \output is active []



[34 <./figs/myo-rectangle2.png>]

[35 <./04-Visualisation_files/figure-latex/unnamed-chunk-10-1.pdf>]

[36

]
Chapter 7.


[37]
<figs/testdata-all.png, id=350, 1927.2pt x 963.6pt>
File: figs/testdata-all.png Graphic file (type png)
<use figs/testdata-all.png>
Package pdftex.def Info: figs/testdata-all.png  used on input line 920.
(pdftex.def)             Requested size: 344.99901pt x 172.4995pt.

Underfull \vbox (badness 4556) has occurred while \output is active []



[38]
<figs/testdata-DI40.png, id=355, 1927.2pt x 963.6pt>
File: figs/testdata-DI40.png Graphic file (type png)
<use figs/testdata-DI40.png>
Package pdftex.def Info: figs/testdata-DI40.png  used on input line 952.
(pdftex.def)             Requested size: 344.99901pt x 172.4995pt.


[39 <./figs/testdata-all.png>]
<figs/hist.png, id=361, 1445.4pt x 963.6pt>
File: figs/hist.png Graphic file (type png)
<use figs/hist.png>
Package pdftex.def Info: figs/hist.png  used on input line 979.
(pdftex.def)             Requested size: 344.9843pt x 229.98953pt.


[40 <./figs/testdata-DI40.png>]

[41 <./figs/hist.png>]
<figs/HI.png, id=374, 1445.4pt x 963.6pt>
File: figs/HI.png Graphic file (type png)
<use figs/HI.png>
Package pdftex.def Info: figs/HI.png  used on input line 1011.
(pdftex.def)             Requested size: 344.9843pt x 229.98953pt.


[42 <./figs/HI.png>]

[43]

[44

]
Chapter 8.

Underfull \hbox (badness 1515) in paragraph at lines 1037--1038
\T1/lmr/m/n/10 in the po-larised geno-type ma-trix into their cor-re-spond-ing chro-mo-so-mal
 []



[45]

[46]

Package natbib Warning: Citation `ref' on page 47 undefined on input line 1096.


Package natbib Warning: Citation `ref' on page 47 undefined on input line 1098.



[47]
<figs/smooth.png, id=408, 1927.2pt x 963.6pt>
File: figs/smooth.png Graphic file (type png)
<use figs/smooth.png>
Package pdftex.def Info: figs/smooth.png  used on input line 1125.
(pdftex.def)             Requested size: 344.99901pt x 172.4995pt.


[48 <./figs/smooth.png>]

[49{/Users/martinkova/Library/TinyTeX/texmf-dist/fonts/enc/dvips/lm/lm-mathex.enc}] (./genome-polarisation.bbl

[50]

[51]

[52

])

Package natbib Warning: There were undefined citations.



[53] (./genome-polarisation.aux)
 ***********
LaTeX2e <2025-06-01> patch level 1
L3 programming layer <2025-09-02>
 ***********
 ) 
Here is how much of TeX's memory you used:
 12165 strings out of 469729
 189255 string characters out of 5476491
 591875 words of memory out of 5000000
 40271 multiletter control sequences out of 15000+600000
 713469 words of font info for 95 fonts, out of 8000000 for 9000
 14 hyphenation exceptions out of 8191
 89i,9n,93p,936b,552s stack positions out of 10000i,1000n,20000p,200000b,200000s
</Users/martinkova/Library/TinyTeX/texmf-dist/fonts/type1/public/lm/lmbx10.pfb></Users/martinkova/Library/TinyTeX/texmf-dist/fonts/type1/public/lm/lmbx12.pfb></Users/martinkova/Library/TinyTeX/texmf-dist/fonts/type1/public/lm/lmbxi10.pfb></Users/martinkova/Library/TinyTeX/texmf-dist/fonts/type1/public/lm/lmex10.pfb></Users/martinkova/Library/TinyTeX/texmf-dist/fonts/type1/public/lm/lmmi10.pfb></Users/martinkova/Library/TinyTeX/texmf-dist/fonts/type1/public/lm/lmmi5.pfb></Users/martinkova/Library/TinyTeX/texmf-dist/fonts/type1/public/lm/lmmi7.pfb></Users/martinkova/Library/TinyTeX/texmf-dist/fonts/type1/public/lm/lmr10.pfb></Users/martinkova/Library/TinyTeX/texmf-dist/fonts/type1/public/lm/lmr12.pfb></Users/martinkova/Library/TinyTeX/texmf-dist/fonts/type1/public/lm/lmr17.pfb></Users/martinkova/Library/TinyTeX/texmf-dist/fonts/type1/public/lm/lmr7.pfb></Users/martinkova/Library/TinyTeX/texmf-dist/fonts/type1/public/lm/lmri10.pfb></Users/martinkova/Library/TinyTeX/texmf-dist/fonts/type1/public/lm/lmro10.pfb></Users/martinkova/Library/TinyTeX/texmf-dist/fonts/type1/public/lm/lmsy10.pfb></Users/martinkova/Library/TinyTeX/texmf-dist/fonts/type1/public/lm/lmsy7.pfb></Users/martinkova/Library/TinyTeX/texmf-dist/fonts/type1/public/lm/lmtk10.pfb></Users/martinkova/Library/TinyTeX/texmf-dist/fonts/type1/public/lm/lmtt10.pfb></Users/martinkova/Library/TinyTeX/texmf-dist/fonts/type1/public/lm/lmtti10.pfb>
Output written on genome-polarisation.pdf (53 pages, 1075307 bytes).
PDF statistics:
 640 PDF objects out of 1000 (max. 8388607)
 515 compressed objects within 6 object streams
 130 named destinations out of 1000 (max. 500000)
 237 words of extra memory for PDF output out of 10000 (max. 10000000)

